09:48:18 **** Incremental Build of configuration Debug for project Magnetorquer ****
make -j16 all 
arm-none-eabi-gcc "../Core/Src/main.c" -mcpu=cortex-m4 -std=gnu11 -g3 -DDEBUG -DUSE_HAL_DRIVER -DSTM32F411xE -c -I../Core/Inc -I../Drivers/STM32F4xx_HAL_Driver/Inc -I../Drivers/STM32F4xx_HAL_Driver/Inc/Legacy -I../Drivers/CMSIS/Device/ST/STM32F4xx/Include -I../Drivers/CMSIS/Include -I../USB_DEVICE/App -I../USB_DEVICE/Target -I../Middlewares/ST/STM32_USB_Device_Library/Core/Inc -I../Middlewares/ST/STM32_USB_Device_Library/Class/CDC/Inc -O0 -ffunction-sections -fdata-sections -Wall -fstack-usage -fcyclomatic-complexity -MMD -MP -MF"Core/Src/main.d" -MT"Core/Src/main.o" --specs=nano.specs -mfpu=fpv4-sp-d16 -mfloat-abi=hard -mthumb -o "Core/Src/main.o"
../Core/Src/main.c: In function 'main':
../Core/Src/main.c:105:30: warning: format '%d' expects argument of type 'int', but argument 2 has type 'double' [-Wformat=]
  105 |           printf("Kalman X: %d, Kalman Y: %d \r\n", MPU6050.KalmanAngleX, MPU6050.KalmanAngleY);
      |                             ~^                      ~~~~~~~~~~~~~~~~~~~~
      |                              |                             |
      |                              int                           double
      |                             %f
../Core/Src/main.c:105:44: warning: format '%d' expects argument of type 'int', but argument 3 has type 'double' [-Wformat=]
  105 |           printf("Kalman X: %d, Kalman Y: %d \r\n", MPU6050.KalmanAngleX, MPU6050.KalmanAngleY);
      |                                           ~^                              ~~~~~~~~~~~~~~~~~~~~
      |                                            |                                     |
      |                                            int                                   double
      |                                           %f
../Core/Src/main.c: In function 'printUSB':
../Core/Src/main.c:169:9: warning: implicit declaration of function 'CDC_Transmit_FS' [-Wimplicit-function-declaration]
  169 |         CDC_Transmit_FS(buffer, sizeof(buffer));
      |         ^~~~~~~~~~~~~~~
arm-none-eabi-gcc -o "Magnetorquer.elf" @"objects.list"   -mcpu=cortex-m4 -T"C:\Users\User\Documents\VUT\MPA-NDE\sw\Magnetorquer\STM32F411CEUX_FLASH.ld" --specs=nosys.specs -Wl,-Map="Magnetorquer.map" -Wl,--gc-sections -static --specs=nano.specs -mfpu=fpv4-sp-d16 -mfloat-abi=hard -mthumb -u _printf_float -Wl,--start-group -lc -lm -Wl,--end-group
Finished building target: Magnetorquer.elf
 
arm-none-eabi-size  Magnetorquer.elf 
arm-none-eabi-objdump -h -S Magnetorquer.elf  > "Magnetorquer.list"
   text	   data	    bss	    dec	    hex	filename
  52116	    852	   9256	  62224	   f310	Magnetorquer.elf
Finished building: default.size.stdout
 
Finished building: Magnetorquer.list
 
09:48:21 **** Incremental Build of configuration Debug for project Magnetorquer ****
make -j16 all 
arm-none-eabi-size  Magnetorquer.elf 
   text	   data	    bss	    dec	    hex	filename
  52116	    852	   9256	  62224	   f310	Magnetorquer.elf
Finished building: default.size.stdout
 
09:49:56 **** Incremental Build of configuration Debug for project Magnetorquer ****
make -j16 all 
arm-none-eabi-gcc "../Core/Src/main.c" -mcpu=cortex-m4 -std=gnu11 -g3 -DDEBUG -DUSE_HAL_DRIVER -DSTM32F411xE -c -I../Core/Inc -I../Drivers/STM32F4xx_HAL_Driver/Inc -I../Drivers/STM32F4xx_HAL_Driver/Inc/Legacy -I../Drivers/CMSIS/Device/ST/STM32F4xx/Include -I../Drivers/CMSIS/Include -I../USB_DEVICE/App -I../USB_DEVICE/Target -I../Middlewares/ST/STM32_USB_Device_Library/Core/Inc -I../Middlewares/ST/STM32_USB_Device_Library/Class/CDC/Inc -O0 -ffunction-sections -fdata-sections -Wall -fstack-usage -fcyclomatic-complexity -MMD -MP -MF"Core/Src/main.d" -MT"Core/Src/main.o" --specs=nano.specs -mfpu=fpv4-sp-d16 -mfloat-abi=hard -mthumb -o "Core/Src/main.o"
../Core/Src/main.c: In function 'main':
../Core/Src/main.c:105:30: warning: format '%d' expects argument of type 'int', but argument 2 has type 'double' [-Wformat=]
  105 |           printf("Kalman X: %d, Kalman Y: %f \r\n", MPU6050.KalmanAngleX, MPU6050.KalmanAngleY);
      |                             ~^                      ~~~~~~~~~~~~~~~~~~~~
      |                              |                             |
      |                              int                           double
      |                             %f
../Core/Src/main.c: In function 'printUSB':
../Core/Src/main.c:169:9: warning: implicit declaration of function 'CDC_Transmit_FS' [-Wimplicit-function-declaration]
  169 |         CDC_Transmit_FS(buffer, sizeof(buffer));
      |         ^~~~~~~~~~~~~~~
arm-none-eabi-gcc -o "Magnetorquer.elf" @"objects.list"   -mcpu=cortex-m4 -T"C:\Users\User\Documents\VUT\MPA-NDE\sw\Magnetorquer\STM32F411CEUX_FLASH.ld" --specs=nosys.specs -Wl,-Map="Magnetorquer.map" -Wl,--gc-sections -static --specs=nano.specs -mfpu=fpv4-sp-d16 -mfloat-abi=hard -mthumb -u _printf_float -Wl,--start-group -lc -lm -Wl,--end-group
Finished building target: Magnetorquer.elf
 
arm-none-eabi-size  Magnetorquer.elf 
arm-none-eabi-objdump -h -S Magnetorquer.elf  > "Magnetorquer.list"
   text	   data	    bss	    dec	    hex	filename
  52116	    852	   9256	  62224	   f310	Magnetorquer.elf
Finished building: default.size.stdout
 
Finished building: Magnetorquer.list
 
09:50:22 **** Incremental Build of configuration Debug for project Magnetorquer ****
make -j16 all 
arm-none-eabi-gcc "../Core/Src/main.c" -mcpu=cortex-m4 -std=gnu11 -g3 -DDEBUG -DUSE_HAL_DRIVER -DSTM32F411xE -c -I../Core/Inc -I../Drivers/STM32F4xx_HAL_Driver/Inc -I../Drivers/STM32F4xx_HAL_Driver/Inc/Legacy -I../Drivers/CMSIS/Device/ST/STM32F4xx/Include -I../Drivers/CMSIS/Include -I../USB_DEVICE/App -I../USB_DEVICE/Target -I../Middlewares/ST/STM32_USB_Device_Library/Core/Inc -I../Middlewares/ST/STM32_USB_Device_Library/Class/CDC/Inc -O0 -ffunction-sections -fdata-sections -Wall -fstack-usage -fcyclomatic-complexity -MMD -MP -MF"Core/Src/main.d" -MT"Core/Src/main.o" --specs=nano.specs -mfpu=fpv4-sp-d16 -mfloat-abi=hard -mthumb -o "Core/Src/main.o"
../Core/Src/main.c: In function 'printUSB':
../Core/Src/main.c:169:9: warning: implicit declaration of function 'CDC_Transmit_FS' [-Wimplicit-function-declaration]
  169 |         CDC_Transmit_FS(buffer, sizeof(buffer));
      |         ^~~~~~~~~~~~~~~
arm-none-eabi-gcc -o "Magnetorquer.elf" @"objects.list"   -mcpu=cortex-m4 -T"C:\Users\User\Documents\VUT\MPA-NDE\sw\Magnetorquer\STM32F411CEUX_FLASH.ld" --specs=nosys.specs -Wl,-Map="Magnetorquer.map" -Wl,--gc-sections -static --specs=nano.specs -mfpu=fpv4-sp-d16 -mfloat-abi=hard -mthumb -u _printf_float -Wl,--start-group -lc -lm -Wl,--end-group
Finished building target: Magnetorquer.elf
 
arm-none-eabi-size  Magnetorquer.elf 
arm-none-eabi-objdump -h -S Magnetorquer.elf  > "Magnetorquer.list"
   text	   data	    bss	    dec	    hex	filename
  52116	    852	   9256	  62224	   f310	Magnetorquer.elf
Finished building: default.size.stdout
 
Finished building: Magnetorquer.list
 
09:52:41 **** Incremental Build of configuration Debug for project Magnetorquer ****
make -j16 all 
arm-none-eabi-size  Magnetorquer.elf 
   text	   data	    bss	    dec	    hex	filename
  52116	    852	   9256	  62224	   f310	Magnetorquer.elf
Finished building: default.size.stdout
 
09:53:16 **** Incremental Build of configuration Debug for project Magnetorquer ****
make -j16 all 
arm-none-eabi-size  Magnetorquer.elf 
   text	   data	    bss	    dec	    hex	filename
  52116	    852	   9256	  62224	   f310	Magnetorquer.elf
Finished building: default.size.stdout
 
09:54:33 **** Incremental Build of configuration Debug for project Magnetorquer ****
make -j16 all 
arm-none-eabi-size  Magnetorquer.elf 
   text	   data	    bss	    dec	    hex	filename
  52116	    852	   9256	  62224	   f310	Magnetorquer.elf
Finished building: default.size.stdout
 
09:56:50 **** Incremental Build of configuration Debug for project Magnetorquer ****
make -j16 all 
arm-none-eabi-gcc "../Core/Src/main.c" -mcpu=cortex-m4 -std=gnu11 -g3 -DDEBUG -DUSE_HAL_DRIVER -DSTM32F411xE -c -I../Core/Inc -I../Drivers/STM32F4xx_HAL_Driver/Inc -I../Drivers/STM32F4xx_HAL_Driver/Inc/Legacy -I../Drivers/CMSIS/Device/ST/STM32F4xx/Include -I../Drivers/CMSIS/Include -I../USB_DEVICE/App -I../USB_DEVICE/Target -I../Middlewares/ST/STM32_USB_Device_Library/Core/Inc -I../Middlewares/ST/STM32_USB_Device_Library/Class/CDC/Inc -O0 -ffunction-sections -fdata-sections -Wall -fstack-usage -fcyclomatic-complexity -MMD -MP -MF"Core/Src/main.d" -MT"Core/Src/main.o" --specs=nano.specs -mfpu=fpv4-sp-d16 -mfloat-abi=hard -mthumb -o "Core/Src/main.o"
arm-none-eabi-gcc "../Core/Src/mpu6050.c" -mcpu=cortex-m4 -std=gnu11 -g3 -DDEBUG -DUSE_HAL_DRIVER -DSTM32F411xE -c -I../Core/Inc -I../Drivers/STM32F4xx_HAL_Driver/Inc -I../Drivers/STM32F4xx_HAL_Driver/Inc/Legacy -I../Drivers/CMSIS/Device/ST/STM32F4xx/Include -I../Drivers/CMSIS/Include -I../USB_DEVICE/App -I../USB_DEVICE/Target -I../Middlewares/ST/STM32_USB_Device_Library/Core/Inc -I../Middlewares/ST/STM32_USB_Device_Library/Class/CDC/Inc -O0 -ffunction-sections -fdata-sections -Wall -fstack-usage -fcyclomatic-complexity -MMD -MP -MF"Core/Src/mpu6050.d" -MT"Core/Src/mpu6050.o" --specs=nano.specs -mfpu=fpv4-sp-d16 -mfloat-abi=hard -mthumb -o "Core/Src/mpu6050.o"
../Core/Src/main.c: In function 'printUSB':
../Core/Src/main.c:169:9: warning: implicit declaration of function 'CDC_Transmit_FS' [-Wimplicit-function-declaration]
  169 |         CDC_Transmit_FS(buffer, sizeof(buffer));
      |         ^~~~~~~~~~~~~~~
arm-none-eabi-gcc -o "Magnetorquer.elf" @"objects.list"   -mcpu=cortex-m4 -T"C:\Users\User\Documents\VUT\MPA-NDE\sw\Magnetorquer\STM32F411CEUX_FLASH.ld" --specs=nosys.specs -Wl,-Map="Magnetorquer.map" -Wl,--gc-sections -static --specs=nano.specs -mfpu=fpv4-sp-d16 -mfloat-abi=hard -mthumb -u _printf_float -Wl,--start-group -lc -lm -Wl,--end-group
Finished building target: Magnetorquer.elf
 
arm-none-eabi-size  Magnetorquer.elf 
arm-none-eabi-objdump -h -S Magnetorquer.elf  > "Magnetorquer.list"
   text	   data	    bss	    dec	    hex	filename
  52180	    852	   9232	  62264	   f338	Magnetorquer.elf
Finished building: default.size.stdout
 
Finished building: Magnetorquer.list
 
09:59:50 **** Incremental Build of configuration Debug for project Magnetorquer ****
make -j16 all 
arm-none-eabi-gcc "../Core/Src/main.c" -mcpu=cortex-m4 -std=gnu11 -g3 -DDEBUG -DUSE_HAL_DRIVER -DSTM32F411xE -c -I../Core/Inc -I../Drivers/STM32F4xx_HAL_Driver/Inc -I../Drivers/STM32F4xx_HAL_Driver/Inc/Legacy -I../Drivers/CMSIS/Device/ST/STM32F4xx/Include -I../Drivers/CMSIS/Include -I../USB_DEVICE/App -I../USB_DEVICE/Target -I../Middlewares/ST/STM32_USB_Device_Library/Core/Inc -I../Middlewares/ST/STM32_USB_Device_Library/Class/CDC/Inc -O0 -ffunction-sections -fdata-sections -Wall -fstack-usage -fcyclomatic-complexity -MMD -MP -MF"Core/Src/main.d" -MT"Core/Src/main.o" --specs=nano.specs -mfpu=fpv4-sp-d16 -mfloat-abi=hard -mthumb -o "Core/Src/main.o"
arm-none-eabi-gcc "../Core/Src/mpu6050.c" -mcpu=cortex-m4 -std=gnu11 -g3 -DDEBUG -DUSE_HAL_DRIVER -DSTM32F411xE -c -I../Core/Inc -I../Drivers/STM32F4xx_HAL_Driver/Inc -I../Drivers/STM32F4xx_HAL_Driver/Inc/Legacy -I../Drivers/CMSIS/Device/ST/STM32F4xx/Include -I../Drivers/CMSIS/Include -I../USB_DEVICE/App -I../USB_DEVICE/Target -I../Middlewares/ST/STM32_USB_Device_Library/Core/Inc -I../Middlewares/ST/STM32_USB_Device_Library/Class/CDC/Inc -O0 -ffunction-sections -fdata-sections -Wall -fstack-usage -fcyclomatic-complexity -MMD -MP -MF"Core/Src/mpu6050.d" -MT"Core/Src/mpu6050.o" --specs=nano.specs -mfpu=fpv4-sp-d16 -mfloat-abi=hard -mthumb -o "Core/Src/mpu6050.o"
../Core/Src/main.c: In function 'printUSB':
../Core/Src/main.c:169:9: warning: implicit declaration of function 'CDC_Transmit_FS' [-Wimplicit-function-declaration]
  169 |         CDC_Transmit_FS(buffer, sizeof(buffer));
      |         ^~~~~~~~~~~~~~~
arm-none-eabi-gcc -o "Magnetorquer.elf" @"objects.list"   -mcpu=cortex-m4 -T"C:\Users\User\Documents\VUT\MPA-NDE\sw\Magnetorquer\STM32F411CEUX_FLASH.ld" --specs=nosys.specs -Wl,-Map="Magnetorquer.map" -Wl,--gc-sections -static --specs=nano.specs -mfpu=fpv4-sp-d16 -mfloat-abi=hard -mthumb -u _printf_float -Wl,--start-group -lc -lm -Wl,--end-group
Finished building target: Magnetorquer.elf
 
arm-none-eabi-size  Magnetorquer.elf 
arm-none-eabi-objdump -h -S Magnetorquer.elf  > "Magnetorquer.list"
   text	   data	    bss	    dec	    hex	filename
  52116	    852	   9256	  62224	   f310	Magnetorquer.elf
Finished building: default.size.stdout
 
Finished building: Magnetorquer.list
 
10:04:33 **** Incremental Build of configuration Debug for project Magnetorquer ****
make -j16 all 
arm-none-eabi-size  Magnetorquer.elf 
   text	   data	    bss	    dec	    hex	filename
  52116	    852	   9256	  62224	   f310	Magnetorquer.elf
Finished building: default.size.stdout
 
10:06:32 **** Incremental Build of configuration Debug for project Magnetorquer ****
make -j16 all 
arm-none-eabi-gcc "../Core/Src/main.c" -mcpu=cortex-m4 -std=gnu11 -g3 -DDEBUG -DUSE_HAL_DRIVER -DSTM32F411xE -c -I../Core/Inc -I../Drivers/STM32F4xx_HAL_Driver/Inc -I../Drivers/STM32F4xx_HAL_Driver/Inc/Legacy -I../Drivers/CMSIS/Device/ST/STM32F4xx/Include -I../Drivers/CMSIS/Include -I../USB_DEVICE/App -I../USB_DEVICE/Target -I../Middlewares/ST/STM32_USB_Device_Library/Core/Inc -I../Middlewares/ST/STM32_USB_Device_Library/Class/CDC/Inc -O0 -ffunction-sections -fdata-sections -Wall -fstack-usage -fcyclomatic-complexity -MMD -MP -MF"Core/Src/main.d" -MT"Core/Src/main.o" --specs=nano.specs -mfpu=fpv4-sp-d16 -mfloat-abi=hard -mthumb -o "Core/Src/main.o"
../Core/Src/main.c: In function 'printUSB':
../Core/Src/main.c:169:9: warning: implicit declaration of function 'CDC_Transmit_FS' [-Wimplicit-function-declaration]
  169 |         CDC_Transmit_FS(buffer, sizeof(buffer));
      |         ^~~~~~~~~~~~~~~
arm-none-eabi-gcc -o "Magnetorquer.elf" @"objects.list"   -mcpu=cortex-m4 -T"C:\Users\User\Documents\VUT\MPA-NDE\sw\Magnetorquer\STM32F411CEUX_FLASH.ld" --specs=nosys.specs -Wl,-Map="Magnetorquer.map" -Wl,--gc-sections -static --specs=nano.specs -mfpu=fpv4-sp-d16 -mfloat-abi=hard -mthumb -u _printf_float -Wl,--start-group -lc -lm -Wl,--end-group
Finished building target: Magnetorquer.elf
 
arm-none-eabi-size  Magnetorquer.elf 
arm-none-eabi-objdump -h -S Magnetorquer.elf  > "Magnetorquer.list"
   text	   data	    bss	    dec	    hex	filename
  52116	    852	   9256	  62224	   f310	Magnetorquer.elf
Finished building: default.size.stdout
 
Finished building: Magnetorquer.list
 
10:07:32 **** Incremental Build of configuration Debug for project Magnetorquer ****
make -j16 all 
arm-none-eabi-size  Magnetorquer.elf 
   text	   data	    bss	    dec	    hex	filename
  52116	    852	   9256	  62224	   f310	Magnetorquer.elf
Finished building: default.size.stdout
 
10:09:57 **** Incremental Build of configuration Debug for project Magnetorquer ****
make -j16 all 
arm-none-eabi-size  Magnetorquer.elf 
   text	   data	    bss	    dec	    hex	filename
  52116	    852	   9256	  62224	   f310	Magnetorquer.elf
Finished building: default.size.stdout
 
10:10:42 **** Incremental Build of configuration Debug for project Magnetorquer ****
make -j16 all 
arm-none-eabi-size  Magnetorquer.elf 
   text	   data	    bss	    dec	    hex	filename
  52116	    852	   9256	  62224	   f310	Magnetorquer.elf
Finished building: default.size.stdout
 
